2025-09-05 19:04:00 | INFO | repo=a4m36jee-2014-cdi-seminar | action=commit
2025-08-08 18:08:00 | DEBUG | repo=a4m36jee-2014-cdi-seminar | action=commit
2025-04-21 18:38:00 | INFO | repo=a4m36jee-2014-cdi-seminar | action=edit | files=2
2025-10-07 16:31:00 | INFO | repo=a4m36jee-2014-cdi-seminar | action=pull
2025-04-24 18:01:00 | WARN | repo=a4m36jee-2014-cdi-seminar | action=edit | files=1
2025-12-20 08:41:00 | INFO | repo=a4m36jee-2014-cdi-seminar | action=test | passed=true
2025-01-06 17:28:00 | WARN | repo=a4m36jee-2014-cdi-seminar | action=commit
2025-05-26 17:42:00 | WARN | repo=a4m36jee-2014-cdi-seminar | action=commit
2025-06-22 17:45:00 | INFO | repo=a4m36jee-2014-cdi-seminar | action=commit
2025-12-20 13:55:00 | DEBUG | repo=a4m36jee-2014-cdi-seminar | action=commit
2025-11-01 09:10:00 | DEBUG | repo=a4m36jee-2014-cdi-seminar | action=commit
2025-06-26 19:47:00 | WARN | repo=a4m36jee-2014-cdi-seminar | action=commit
2025-02-20 21:18:00 | INFO | repo=a4m36jee-2014-cdi-seminar | action=commit
2025-12-12 10:47:00 | INFO | repo=a4m36jee-2014-cdi-seminar | action=commit
2025-05-23 20:36:00 | WARN | repo=a4m36jee-2014-cdi-seminar | action=edit | files=3
2025-04-23 16:06:00 | DEBUG | repo=a4m36jee-2014-cdi-seminar | action=pull
2025-02-23 14:03:00 | WARN | repo=a4m36jee-2014-cdi-seminar | action=edit | files=1
2025-09-27 10:49:00 | DEBUG | repo=a4m36jee-2014-cdi-seminar | action=commit
2025-11-09 20:25:00 | INFO | repo=a4m36jee-2014-cdi-seminar | action=commit
2025-07-10 21:23:00 | DEBUG | repo=a4m36jee-2014-cdi-seminar | action=commit
2025-12-07 07:02:00 | WARN | repo=a4m36jee-2014-cdi-seminar | action=commit
2025-12-01 21:21:00 | WARN | repo=a4m36jee-2014-cdi-seminar | action=edit | files=1
2025-03-01 08:25:00 | DEBUG | repo=a4m36jee-2014-cdi-seminar | action=commit
2025-03-03 20:00:00 | INFO | repo=a4m36jee-2014-cdi-seminar | action=pull
2025-09-04 08:43:00 | WARN | repo=a4m36jee-2014-cdi-seminar | action=commit
2025-06-07 19:20:00 | WARN | repo=a4m36jee-2014-cdi-seminar | action=commit
2025-05-20 08:58:00 | WARN | repo=a4m36jee-2014-cdi-seminar | action=commit
2025-10-10 09:29:00 | WARN | repo=a4m36jee-2014-cdi-seminar | action=commit
2025-07-09 10:46:00 | WARN | repo=a4m36jee-2014-cdi-seminar | action=pull
2025-09-17 12:52:00 | WARN | repo=a4m36jee-2014-cdi-seminar | action=commit
2025-11-07 19:52:00 | WARN | repo=a4m36jee-2014-cdi-seminar | action=commit
2025-11-10 17:41:00 | DEBUG | repo=a4m36jee-2014-cdi-seminar | action=pull
2025-05-11 18:13:00 | WARN | repo=a4m36jee-2014-cdi-seminar | action=pull
2025-02-21 15:37:00 | INFO | repo=a4m36jee-2014-cdi-seminar | action=commit
2025-03-25 11:20:00 | INFO | repo=a4m36jee-2014-cdi-seminar | action=test | passed=true
2025-07-17 20:58:00 | DEBUG | repo=a4m36jee-2014-cdi-seminar | action=test | passed=true
2025-08-14 07:13:00 | WARN | repo=a4m36jee-2014-cdi-seminar | action=pull
2025-02-06 10:38:00 | INFO | repo=a4m36jee-2014-cdi-seminar | action=commit
2025-09-12 11:22:00 | INFO | repo=a4m36jee-2014-cdi-seminar | action=commit
2025-03-23 12:45:00 | INFO | repo=a4m36jee-2014-cdi-seminar | action=pull
2025-12-05 07:42:00 | DEBUG | repo=a4m36jee-2014-cdi-seminar | action=edit | files=5
2025-05-26 10:07:00 | INFO | repo=a4m36jee-2014-cdi-seminar | action=commit
2025-09-21 13:36:00 | INFO | repo=a4m36jee-2014-cdi-seminar | action=edit | files=5
2025-08-10 10:12:00 | WARN | repo=a4m36jee-2014-cdi-seminar | action=edit | files=4
2025-08-05 18:34:00 | INFO | repo=a4m36jee-2014-cdi-seminar | action=pull
2025-05-16 16:11:00 | INFO | repo=a4m36jee-2014-cdi-seminar | action=test | passed=true
2025-06-02 07:46:00 | INFO | repo=a4m36jee-2014-cdi-seminar | action=commit
2025-05-15 10:01:00 | WARN | repo=a4m36jee-2014-cdi-seminar | action=commit
2025-02-23 10:33:00 | DEBUG | repo=a4m36jee-2014-cdi-seminar | action=commit
2025-01-05 18:05:00 | INFO | repo=a4m36jee-2014-cdi-seminar | action=commit
2025-10-22 13:36:00 | INFO | repo=a4m36jee-2014-cdi-seminar | action=edit | files=4
2025-07-04 11:07:00 | WARN | repo=a4m36jee-2014-cdi-seminar | action=commit
2025-11-26 19:06:00 | DEBUG | repo=a4m36jee-2014-cdi-seminar | action=commit
2025-02-18 19:24:00 | WARN | repo=a4m36jee-2014-cdi-seminar | action=commit
2025-05-03 10:44:00 | INFO | repo=a4m36jee-2014-cdi-seminar | action=pull
2025-05-15 10:00:00 | INFO | repo=a4m36jee-2014-cdi-seminar | action=commit
2025-02-23 20:00:00 | INFO | repo=a4m36jee-2014-cdi-seminar | action=edit | files=2
2025-11-14 10:16:00 | DEBUG | repo=a4m36jee-2014-cdi-seminar | action=commit
2025-03-10 19:04:00 | INFO | repo=a4m36jee-2014-cdi-seminar | action=commit
2025-04-20 21:02:00 | DEBUG | repo=a4m36jee-2014-cdi-seminar | action=test | passed=true
2025-04-18 16:24:00 | WARN | repo=a4m36jee-2014-cdi-seminar | action=test | passed=true
2025-09-22 18:57:00 | DEBUG | repo=a4m36jee-2014-cdi-seminar | action=commit
2025-06-25 07:09:00 | INFO | repo=a4m36jee-2014-cdi-seminar | action=pull
2025-01-10 10:38:00 | INFO | repo=a4m36jee-2014-cdi-seminar | action=commit
2025-11-03 18:25:00 | INFO | repo=a4m36jee-2014-cdi-seminar | action=pull
2025-01-23 11:26:00 | WARN | repo=a4m36jee-2014-cdi-seminar | action=edit | files=4
2025-12-20 13:23:00 | INFO | repo=a4m36jee-2014-cdi-seminar | action=commit
2025-03-25 10:25:00 | WARN | repo=a4m36jee-2014-cdi-seminar | action=commit
2025-08-23 13:45:00 | DEBUG | repo=a4m36jee-2014-cdi-seminar | action=commit
2025-09-24 19:56:00 | WARN | repo=a4m36jee-2014-cdi-seminar | action=commit
